// Jest Snapshot v1, https://goo.gl/fbAQLP

exports[`<Header /> should render a div 1`] = `
<div>
  <div
    class="NavBar-sc-3b48xb-0 bDgEnH"
  >
    Walmart
  </div>
</div>
`;
